Archive member included because of file (symbol)

kernel/blk_drv/blk_drv.a(ll_rw_blk.o)
                              fs/fs.o (ll_rw_block)
kernel/blk_drv/blk_drv.a(floppy.o)
                              kernel/kernel.o (do_floppy)
kernel/blk_drv/blk_drv.a(hd.o)
                              kernel/kernel.o (do_hd)
kernel/blk_drv/blk_drv.a(ramdisk.o)
                              init/main.o (rd_init)
kernel/chr_drv/chr_drv.a(tty_io.o)
                              init/main.o (tty_init)
kernel/chr_drv/chr_drv.a(console.o)
                              kernel/chr_drv/chr_drv.a(tty_io.o) (con_write)
kernel/chr_drv/chr_drv.a(keyboard.o)
                              kernel/chr_drv/chr_drv.a(console.o) (keyboard_interrupt)
kernel/chr_drv/chr_drv.a(serial.o)
                              kernel/chr_drv/chr_drv.a(tty_io.o) (rs_init)
kernel/chr_drv/chr_drv.a(rs_io.o)
                              kernel/chr_drv/chr_drv.a(serial.o) (rs1_interrupt)
kernel/chr_drv/chr_drv.a(tty_ioctl.o)
                              fs/fs.o (tty_ioctl)
kernel/math/math.a(math_emulate.o)
                              kernel/kernel.o (math_emulate)
lib/lib.a(ctype.o)            kernel/chr_drv/chr_drv.a(tty_io.o) (_ctype)
lib/lib.a(_exit.o)            init/main.o (_exit)
lib/lib.a(open.o)             init/main.o (open)
lib/lib.a(close.o)            init/main.o (close)
lib/lib.a(errno.o)            init/main.o (errno)
lib/lib.a(write.o)            init/main.o (write)
lib/lib.a(dup.o)              init/main.o (dup)
lib/lib.a(setsid.o)           init/main.o (setsid)
lib/lib.a(execve.o)           init/main.o (execve)
lib/lib.a(wait.o)             init/main.o (wait)

Allocating common symbols
Common symbol       size              file

errno               0x4               lib/lib.a(errno.o)
hash_table          0x4cc             fs/fs.o
rd_start            0x4               kernel/blk_drv/blk_drv.a(ramdisk.o)
request             0x480             kernel/blk_drv/blk_drv.a(ll_rw_blk.o)
user_stack          0x1000            kernel/kernel.o
_ctmp               0x1               lib/lib.a(ctype.o)
super_block         0x360             fs/fs.o
drive_info          0x20              init/main.o
file_table          0x400             fs/fs.o

Discarded input sections

 .note.GNU-stack
                0x0000000000000000        0x0 init/main.o
 .note.GNU-stack
                0x0000000000000000        0x0 kernel/kernel.o
 .note.GNU-stack
                0x0000000000000000        0x0 mm/mm.o
 .note.GNU-stack
                0x0000000000000000        0x0 fs/fs.o
 .note.GNU-stack
                0x0000000000000000        0x0 kernel/blk_drv/blk_drv.a(ll_rw_blk.o)
 .note.GNU-stack
                0x0000000000000000        0x0 kernel/blk_drv/blk_drv.a(floppy.o)
 .note.GNU-stack
                0x0000000000000000        0x0 kernel/blk_drv/blk_drv.a(hd.o)
 .note.GNU-stack
                0x0000000000000000        0x0 kernel/blk_drv/blk_drv.a(ramdisk.o)
 .note.GNU-stack
                0x0000000000000000        0x0 kernel/chr_drv/chr_drv.a(tty_io.o)
 .note.GNU-stack
                0x0000000000000000        0x0 kernel/chr_drv/chr_drv.a(console.o)
 .note.GNU-stack
                0x0000000000000000        0x0 kernel/chr_drv/chr_drv.a(serial.o)
 .note.GNU-stack
                0x0000000000000000        0x0 kernel/chr_drv/chr_drv.a(tty_ioctl.o)
 .note.GNU-stack
                0x0000000000000000        0x0 kernel/math/math.a(math_emulate.o)
 .note.GNU-stack
                0x0000000000000000        0x0 lib/lib.a(ctype.o)
 .note.GNU-stack
                0x0000000000000000        0x0 lib/lib.a(_exit.o)
 .note.GNU-stack
                0x0000000000000000        0x0 lib/lib.a(open.o)
 .note.GNU-stack
                0x0000000000000000        0x0 lib/lib.a(close.o)
 .note.GNU-stack
                0x0000000000000000        0x0 lib/lib.a(errno.o)
 .note.GNU-stack
                0x0000000000000000        0x0 lib/lib.a(write.o)
 .note.GNU-stack
                0x0000000000000000        0x0 lib/lib.a(dup.o)
 .note.GNU-stack
                0x0000000000000000        0x0 lib/lib.a(setsid.o)
 .note.GNU-stack
                0x0000000000000000        0x0 lib/lib.a(execve.o)
 .note.GNU-stack
                0x0000000000000000        0x0 lib/lib.a(wait.o)

Memory Configuration

Name             Origin             Length             Attributes
*default*        0x0000000000000000 0xffffffffffffffff

Linker script and memory map

Address of section .text set to 0x0
LOAD boot/head.o
LOAD init/main.o
LOAD kernel/kernel.o
LOAD mm/mm.o
LOAD fs/fs.o
LOAD kernel/blk_drv/blk_drv.a
LOAD kernel/chr_drv/chr_drv.a
LOAD kernel/math/math.a
LOAD lib/lib.a
                0x0000000008048000                PROVIDE (__executable_start, 0x8048000)
                0x0000000008048094                . = (0x8048000 + SIZEOF_HEADERS)

.interp
 *(.interp)

.note.gnu.build-id
 *(.note.gnu.build-id)

.hash
 *(.hash)

.gnu.hash
 *(.gnu.hash)

.dynsym
 *(.dynsym)

.dynstr
 *(.dynstr)

.gnu.version
 *(.gnu.version)

.gnu.version_d
 *(.gnu.version_d)

.gnu.version_r
 *(.gnu.version_r)

.rel.dyn        0x0000000008048094        0x0
 *(.rel.init)
 *(.rel.text .rel.text.* .rel.gnu.linkonce.t.*)
 .rel.text      0x0000000000000000        0x0 boot/head.o
 *(.rel.fini)
 *(.rel.rodata .rel.rodata.* .rel.gnu.linkonce.r.*)
 .rel.rodata    0x0000000000000000        0x0 boot/head.o
 *(.rel.data.rel.ro* .rel.gnu.linkonce.d.rel.ro.*)
 *(.rel.data .rel.data.* .rel.gnu.linkonce.d.*)
 .rel.data      0x0000000000000000        0x0 boot/head.o
 *(.rel.tdata .rel.tdata.* .rel.gnu.linkonce.td.*)
 *(.rel.tbss .rel.tbss.* .rel.gnu.linkonce.tb.*)
 *(.rel.ctors)
 *(.rel.dtors)
 *(.rel.got)
 *(.rel.bss .rel.bss.* .rel.gnu.linkonce.b.*)
 *(.rel.ifunc)

.rel.plt        0x0000000008048094        0x0
 *(.rel.plt)
                0x0000000008048094                PROVIDE (__rel_iplt_start, .)
 *(.rel.iplt)
 .rel.iplt      0x0000000000000000        0x0 boot/head.o
                0x0000000008048094                PROVIDE (__rel_iplt_end, .)

.init
 *(.init)

.plt            0x00000000080480a0        0x0
 *(.plt)
 *(.iplt)
 .iplt          0x0000000000000000        0x0 boot/head.o

.text           0x0000000000000000    0x129c8
 *(.text.unlikely .text.*_unlikely)
 *(.text.exit .text.exit.*)
 *(.text.startup .text.startup.*)
 *(.text.hot .text.hot.*)
 *(.text .stub .text.* .gnu.linkonce.t.*)
 .text          0x0000000000000000     0x64c0 boot/head.o
                0x0000000000000000                startup_32
                0x0000000000000000                pg_dir
                0x0000000000005000                tmp_floppy_area
                0x00000000000054c0                idt
                0x0000000000005cc0                gdt
 .text          0x00000000000064c0      0x4e9 init/main.o
                0x0000000000006501                init
                0x0000000000006712                main
 *fill*         0x00000000000069a9        0x3 90909090
 .text          0x00000000000069ac     0x261c kernel/kernel.o
                0x00000000000069ac                sys_alarm
                0x0000000000006a00                sys_getpid
                0x0000000000006a0c                sys_getppid
                0x0000000000006a18                sys_getuid
                0x0000000000006a25                sys_geteuid
                0x0000000000006a32                sys_getgid
                0x0000000000006a3f                sys_getegid
                0x0000000000006a4c                sys_nice
                0x0000000000006a65                show_task
                0x0000000000006ad2                show_stat
                0x0000000000006afd                math_state_restore
                0x0000000000006b39                schedule
                0x0000000000006c22                sys_pause
                0x0000000000006c38                sleep_on
                0x0000000000006c86                interruptible_sleep_on
                0x0000000000006cf0                wake_up
                0x0000000000006d0b                ticks_to_floppy_on
                0x0000000000006d98                floppy_on
                0x0000000000006dc6                floppy_off
                0x0000000000006dd6                do_floppy_timer
                0x0000000000006e4d                add_timer
                0x0000000000006f04                do_timer
                0x0000000000006fb0                sched_init
                0x000000000000713c                system_call
                0x00000000000071b8                coprocessor_error
                0x00000000000071dc                device_not_available
                0x0000000000007218                timer_interrupt
                0x0000000000007250                sys_execve
                0x0000000000007260                sys_fork
                0x0000000000007278                hd_interrupt
                0x00000000000072b4                floppy_interrupt
                0x00000000000072ea                parallel_interrupt
                0x0000000000007462                do_double_fault
                0x000000000000747b                do_general_protection
                0x0000000000007494                do_divide_error
                0x00000000000074ad                do_int3
                0x0000000000007565                do_nmi
                0x000000000000757e                do_debug
                0x0000000000007597                do_overflow
                0x00000000000075b0                do_bounds
                0x00000000000075c9                do_invalid_op
                0x00000000000075e2                do_device_not_available
                0x00000000000075fb                do_coprocessor_segment_overrun
                0x0000000000007614                do_invalid_TSS
                0x000000000000762d                do_segment_not_present
                0x0000000000007646                do_stack_segment
                0x000000000000765f                do_coprocessor_error
                0x0000000000007685                do_reserved
                0x000000000000769e                trap_init
                0x00000000000078ac                divide_error
                0x00000000000078e1                debug
                0x00000000000078e8                nmi
                0x00000000000078ef                int3
                0x00000000000078f6                overflow
                0x00000000000078fd                bounds
                0x0000000000007904                invalid_op
                0x000000000000790b                coprocessor_segment_overrun
                0x0000000000007912                reserved
                0x0000000000007919                irq13
                0x000000000000792e                double_fault
                0x0000000000007965                invalid_TSS
                0x000000000000796c                segment_not_present
                0x0000000000007973                stack_segment
                0x000000000000797a                general_protection
                0x0000000000007984                verify_area
                0x00000000000079e6                copy_mem
                0x0000000000007ac7                copy_process
                0x0000000000007d76                find_empty_process
                0x0000000000007dd4                panic
                0x0000000000007e10                printk
                0x0000000000008062                vsprintf
                0x0000000000008370                sys_ftime
                0x0000000000008376                sys_break
                0x000000000000837c                sys_ptrace
                0x0000000000008382                sys_stty
                0x0000000000008388                sys_gtty
                0x000000000000838e                sys_rename
                0x0000000000008394                sys_prof
                0x000000000000839a                sys_setregid
                0x0000000000008421                sys_setgid
                0x0000000000008438                sys_acct
                0x000000000000843e                sys_phys
                0x0000000000008444                sys_lock
                0x000000000000844a                sys_mpx
                0x0000000000008450                sys_ulimit
                0x0000000000008456                sys_time
                0x000000000000849b                sys_setreuid
                0x000000000000851f                sys_setuid
                0x0000000000008536                sys_stime
                0x000000000000857b                sys_times
                0x00000000000085cd                sys_brk
                0x00000000000085fb                sys_setpgid
                0x000000000000867e                sys_getpgrp
                0x000000000000868a                sys_setsid
                0x00000000000086d0                sys_uname
                0x0000000000008716                sys_umask
                0x0000000000008738                release
                0x0000000000008790                sys_kill
                0x0000000000008959                do_exit
                0x0000000000008b6a                sys_exit
                0x0000000000008b85                sys_waitpid
                0x0000000000008ce0                sys_sgetmask
                0x0000000000008cec                sys_ssetmask
                0x0000000000008d06                sys_signal
                0x0000000000008d4a                sys_sigaction
                0x0000000000008e1b                do_signal
                0x0000000000008eec                kernel_mktime
                0x0000000000008f8c                var_fix_init
 .text          0x0000000000008fc8      0x7ab mm/mm.o
                0x0000000000008fc8                get_free_page
                0x0000000000009000                free_page
                0x0000000000009058                free_page_tables
                0x00000000000090fd                copy_page_tables
                0x00000000000091ed                put_page
                0x000000000000928e                un_wp_page
                0x0000000000009327                do_wp_page
                0x0000000000009357                write_verify
                0x0000000000009396                get_empty_page
                0x00000000000093de                do_no_page
                0x0000000000009667                mem_init
                0x00000000000096ab                calc_mem
                0x000000000000973c                page_fault
 *fill*         0x0000000000009773        0x1 90909090
 .text          0x0000000000009774     0x5047 fs/fs.o
                0x0000000000009774                sys_ustat
                0x000000000000977a                sys_utime
                0x00000000000097ef                sys_access
                0x000000000000988a                sys_chdir
                0x00000000000098eb                sys_chroot
                0x000000000000994c                sys_chmod
                0x00000000000099b9                sys_chown
                0x0000000000009a16                sys_open
                0x0000000000009bee                sys_creat
                0x0000000000009c11                sys_close
                0x0000000000009c90                sys_lseek
                0x0000000000009d43                sys_read
                0x0000000000009eab                sys_write
                0x000000000000a38d                invalidate_inodes
                0x000000000000a3ec                sync_inodes
                0x000000000000a433                bmap
                0x000000000000a44c                create_block
                0x000000000000a465                iput
                0x000000000000a596                get_empty_inode
                0x000000000000a690                get_pipe_inode
                0x000000000000a6d5                iget
                0x000000000000a902                sys_sync
                0x000000000000a968                sync_dev
                0x000000000000aa43                invalidate_buffers
                0x000000000000aaa7                check_disk_change
                0x000000000000ab52                get_hash_table
                0x000000000000aba8                getblk
                0x000000000000ad88                brelse
                0x000000000000add9                bread
                0x000000000000ae4e                bread_page
                0x000000000000af06                breada
                0x000000000000afbe                buffer_init
                0x000000000000b0a2                get_super
                0x000000000000b328                put_super
                0x000000000000b3ae                sys_umount
                0x000000000000b4b7                sys_mount
                0x000000000000b5b4                mount_root
                0x000000000000b718                block_write
                0x000000000000b80b                block_read
                0x000000000000b9f7                rw_char
                0x000000000000ba50                file_read
                0x000000000000bbda                file_write
                0x000000000000bdb5                sys_stat
                0x000000000000bded                sys_fstat
                0x000000000000bfda                do_execve
                0x000000000000c860                read_pipe
                0x000000000000c947                write_pipe
                0x000000000000ca76                sys_pipe
                0x000000000000d11d                namei
                0x000000000000d1e7                open_namei
                0x000000000000d457                sys_mknod
                0x000000000000d5fb                sys_mkdir
                0x000000000000d88c                sys_rmdir
                0x000000000000dc50                sys_unlink
                0x000000000000de38                sys_link
                0x000000000000dffc                free_block
                0x000000000000e0f7                new_block
                0x000000000000e225                free_inode
                0x000000000000e31c                new_inode
                0x000000000000e4d9                sys_dup2
                0x000000000000e4f9                sys_dup
                0x000000000000e508                sys_fcntl
                0x000000000000e5c4                sys_ioctl
                0x000000000000e6b9                truncate
 *fill*         0x000000000000e7bb        0x1 90909090
 .text          0x000000000000e7bc      0x21f kernel/blk_drv/blk_drv.a(ll_rw_blk.o)
                0x000000000000e7bc                ll_rw_block
                0x000000000000e9bc                blk_dev_init
 *fill*         0x000000000000e9db        0x1 90909090
 .text          0x000000000000e9dc      0xc20 kernel/blk_drv/blk_drv.a(floppy.o)
                0x000000000000f085                floppy_deselect
                0x000000000000f475                floppy_change
                0x000000000000f4ec                setup_rw_floppy
                0x000000000000f588                unexpected_floppy_interrupt
                0x000000000000f5c5                floppy_init
 .text          0x000000000000f5fc      0x989 kernel/blk_drv/blk_drv.a(hd.o)
                0x000000000000fcdc                sys_setup
                0x000000000000ff2a                unexpected_hd_interrupt
                0x000000000000ff3d                hd_init
 *fill*         0x000000000000ff85        0x3 90909090
 .text          0x000000000000ff88      0x398 kernel/blk_drv/blk_drv.a(ramdisk.o)
                0x0000000000010145                rd_init
                0x0000000000010173                rd_load
 .text          0x0000000000010320      0x8bc kernel/chr_drv/chr_drv.a(tty_io.o)
                0x0000000000010360                tty_init
                0x0000000000010371                tty_intr
                0x00000000000103a8                wait_for_keypress
                0x00000000000103b9                copy_to_cooked
                0x0000000000010716                tty_read
                0x00000000000109a1                tty_write
                0x0000000000010bb6                do_tty_interrupt
                0x0000000000010bdb                chr_dev_init
 .text          0x0000000000010bdc      0xf36 kernel/chr_drv/chr_drv.a(console.o)
                0x0000000000010ea3                csi_m
                0x0000000000010eec                con_write
                0x0000000000011950                con_init
                0x0000000000011b01                sysbeepstop
 *fill*         0x0000000000011b12        0x2 90909090
 .text          0x0000000000011b14      0x7e2 kernel/chr_drv/chr_drv.a(keyboard.o)
                0x0000000000011b17                keyboard_interrupt
 *fill*         0x00000000000122f6        0x2 90909090
 .text          0x00000000000122f8       0xca kernel/chr_drv/chr_drv.a(serial.o)
                0x0000000000012342                rs_init
                0x000000000001239a                rs_write
 *fill*         0x00000000000123c2        0x2 90909090
 .text          0x00000000000123c4       0xf7 kernel/chr_drv/chr_drv.a(rs_io.o)
                0x00000000000123c4                rs1_interrupt
                0x00000000000123cc                rs2_interrupt
 *fill*         0x00000000000124bb        0x1 90909090
 .text          0x00000000000124bc      0x32b kernel/chr_drv/chr_drv.a(tty_ioctl.o)
                0x0000000000012513                tty_ioctl
 *fill*         0x00000000000127e7        0x1 90909090
 .text          0x00000000000127e8       0x87 kernel/math/math.a(math_emulate.o)
                0x00000000000127e8                math_emulate
                0x000000000001285c                math_error
 *fill*         0x000000000001286f        0x1 90909090
 .text          0x0000000000012870        0x0 lib/lib.a(ctype.o)
 .text          0x0000000000012870        0xe lib/lib.a(_exit.o)
                0x0000000000012870                _exit
 *fill*         0x000000000001287e        0x2 90909090
 .text          0x0000000000012880       0x2d lib/lib.a(open.o)
                0x0000000000012880                open
 *fill*         0x00000000000128ad        0x3 90909090
 .text          0x00000000000128b0       0x23 lib/lib.a(close.o)
                0x00000000000128b0                close
 *fill*         0x00000000000128d3        0x1 90909090
 .text          0x00000000000128d4        0x0 lib/lib.a(errno.o)
 .text          0x00000000000128d4       0x2d lib/lib.a(write.o)
                0x00000000000128d4                write
 *fill*         0x0000000000012901        0x3 90909090
 .text          0x0000000000012904       0x23 lib/lib.a(dup.o)
                0x0000000000012904                dup
 *fill*         0x0000000000012927        0x1 90909090
 .text          0x0000000000012928       0x1d lib/lib.a(setsid.o)
                0x0000000000012928                setsid
 *fill*         0x0000000000012945        0x3 90909090
 .text          0x0000000000012948       0x2d lib/lib.a(execve.o)
                0x0000000000012948                execve
 *fill*         0x0000000000012975        0x3 90909090
 .text          0x0000000000012978       0x50 lib/lib.a(wait.o)
                0x0000000000012978                waitpid
                0x00000000000129a5                wait
 *(.gnu.warning)

.fini
 *(.fini)
                0x00000000000129c8                PROVIDE (__etext, .)
                0x00000000000129c8                PROVIDE (_etext, .)
                0x00000000000129c8                PROVIDE (etext, .)

.rodata         0x00000000000129e0     0x1510
 *(.rodata .rodata.* .gnu.linkonce.r.*)
 .rodata.str1.1
                0x00000000000129e0       0x5c init/main.o
                                         0x64 (size before relaxing)
 .rodata.str1.4
                0x0000000000012a3c       0x49 init/main.o
 *fill*         0x0000000000012a85       0x1b 00
 .rodata        0x0000000000012aa0      0x110 kernel/kernel.o
 .rodata.str1.1
                0x0000000000012bb0      0x197 kernel/kernel.o
                                        0x19c (size before relaxing)
 *fill*         0x0000000000012d47        0x1 00
 .rodata.str1.4
                0x0000000000012d48      0x24d kernel/kernel.o
 *fill*         0x0000000000012f95        0x3 00
 .rodata.str1.4
                0x0000000000012f98      0x111 mm/mm.o
 .rodata.str1.1
                0x00000000000130a9       0x78 mm/mm.o
 *fill*         0x0000000000013121       0x1f 00
 .rodata        0x0000000000013140       0x60 fs/fs.o
 .rodata.str1.1
                0x00000000000131a0      0x241 fs/fs.o
                                        0x243 (size before relaxing)
 *fill*         0x00000000000133e1        0x3 00
 .rodata.str1.4
                0x00000000000133e4      0x3a3 fs/fs.o
 *fill*         0x0000000000013787        0x1 00
 .rodata.str1.4
                0x0000000000013788       0x87 kernel/blk_drv/blk_drv.a(ll_rw_blk.o)
 .rodata.str1.1
                0x000000000001380f       0xa8 kernel/blk_drv/blk_drv.a(floppy.o)
 *fill*         0x00000000000138b7        0x1 00
 .rodata.str1.4
                0x00000000000138b8       0x8a kernel/blk_drv/blk_drv.a(floppy.o)
 *fill*         0x0000000000013942        0x2 00
 .rodata.str1.4
                0x0000000000013944      0x12a kernel/blk_drv/blk_drv.a(hd.o)
 .rodata.str1.1
                0x0000000000013a6e       0x6c kernel/blk_drv/blk_drv.a(hd.o)
                                         0x84 (size before relaxing)
 *fill*         0x0000000000013ada        0x2 00
 .rodata.str1.4
                0x0000000000013adc      0x13e kernel/blk_drv/blk_drv.a(ramdisk.o)
 .rodata.str1.1
                0x0000000000013c1a       0x44 kernel/blk_drv/blk_drv.a(ramdisk.o)
                                         0x59 (size before relaxing)
 *fill*         0x0000000000013c5e        0x2 00
 .rodata        0x0000000000013c60      0x15c kernel/chr_drv/chr_drv.a(console.o)
 .rodata.str1.1
                0x0000000000013dbc       0x1c kernel/chr_drv/chr_drv.a(console.o)
 .rodata.str1.1
                0x0000000000013dd8       0x11 kernel/chr_drv/chr_drv.a(tty_ioctl.o)
 *fill*         0x0000000000013de9       0x17 00
 .rodata        0x0000000000013e00       0xa0 kernel/chr_drv/chr_drv.a(tty_ioctl.o)
 .rodata.str1.1
                0x0000000000013ea0       0x30 kernel/math/math.a(math_emulate.o)
 .rodata.str1.4
                0x0000000000013ed0       0x20 kernel/math/math.a(math_emulate.o)

.rodata1
 *(.rodata1)

.eh_frame_hdr
 *(.eh_frame_hdr)

.eh_frame       0x0000000000013ef0     0x256c
 *(.eh_frame)
 .eh_frame      0x0000000000013ef0       0x80 init/main.o
 .eh_frame      0x0000000000013f70      0xa78 kernel/kernel.o
                                        0xb80 (size before relaxing)
 .eh_frame      0x00000000000149e8      0x1f4 mm/mm.o
                                        0x20c (size before relaxing)
 .eh_frame      0x0000000000014bdc      0xf50 fs/fs.o
                                       0x10d0 (size before relaxing)
 .eh_frame      0x0000000000015b2c       0x54 kernel/blk_drv/blk_drv.a(ll_rw_blk.o)
                                         0x6c (size before relaxing)
 .eh_frame      0x0000000000015b80      0x214 kernel/blk_drv/blk_drv.a(floppy.o)
                                        0x22c (size before relaxing)
 .eh_frame      0x0000000000015d94      0x190 kernel/blk_drv/blk_drv.a(hd.o)
                                        0x1a8 (size before relaxing)
 .eh_frame      0x0000000000015f24       0x88 kernel/blk_drv/blk_drv.a(ramdisk.o)
                                         0xa0 (size before relaxing)
 .eh_frame      0x0000000000015fac      0x16c kernel/chr_drv/chr_drv.a(tty_io.o)
                                        0x184 (size before relaxing)
 .eh_frame      0x0000000000016118      0x130 kernel/chr_drv/chr_drv.a(console.o)
                                        0x148 (size before relaxing)
 .eh_frame      0x0000000000016248       0x4c kernel/chr_drv/chr_drv.a(serial.o)
                                         0x64 (size before relaxing)
 .eh_frame      0x0000000000016294       0x78 kernel/chr_drv/chr_drv.a(tty_ioctl.o)
                                         0x90 (size before relaxing)
 .eh_frame      0x000000000001630c       0x40 kernel/math/math.a(math_emulate.o)
                                         0x58 (size before relaxing)
 .eh_frame      0x000000000001634c       0x1c lib/lib.a(_exit.o)
                                         0x34 (size before relaxing)
 .eh_frame      0x0000000000016368       0x24 lib/lib.a(open.o)
                                         0x3c (size before relaxing)
 .eh_frame      0x000000000001638c       0x1c lib/lib.a(close.o)
                                         0x34 (size before relaxing)
 .eh_frame      0x00000000000163a8       0x24 lib/lib.a(write.o)
                                         0x3c (size before relaxing)
 .eh_frame      0x00000000000163cc       0x1c lib/lib.a(dup.o)
                                         0x34 (size before relaxing)
 .eh_frame      0x00000000000163e8       0x14 lib/lib.a(setsid.o)
                                         0x2c (size before relaxing)
 .eh_frame      0x00000000000163fc       0x24 lib/lib.a(execve.o)
                                         0x3c (size before relaxing)
 .eh_frame      0x0000000000016420       0x3c lib/lib.a(wait.o)
                                         0x54 (size before relaxing)

.gcc_except_table
 *(.gcc_except_table .gcc_except_table.*)

.exception_ranges
 *(.exception_ranges .exception_ranges*)
                0x000000000001645c                . = (ALIGN (0x1000) - ((0x1000 - .) & 0xfff))
                0x0000000000017000                . = DATA_SEGMENT_ALIGN (0x1000, 0x1000)

.eh_frame
 *(.eh_frame)

.gcc_except_table
 *(.gcc_except_table .gcc_except_table.*)

.exception_ranges
 *(.exception_ranges .exception_ranges*)

.tdata
 *(.tdata .tdata.* .gnu.linkonce.td.*)

.tbss
 *(.tbss .tbss.* .gnu.linkonce.tb.*)
 *(.tcommon)

.preinit_array  0x0000000000017000        0x0
                0x0000000000017000                PROVIDE (__preinit_array_start, .)
 *(.preinit_array)
                0x0000000000017000                PROVIDE (__preinit_array_end, .)

.init_array     0x0000000000017000        0x0
                0x0000000000017000                PROVIDE (__init_array_start, .)
 *(SORT(.init_array.*) SORT(.ctors.*))
 *(.init_array)
 *(EXCLUDE_FILE(*crtend?.o *crtend.o *crtbegin?.o *crtbegin.o) .ctors)
                0x0000000000017000                PROVIDE (__init_array_end, .)

.fini_array     0x0000000000017000        0x0
                0x0000000000017000                PROVIDE (__fini_array_start, .)
 *(SORT(.fini_array.*) SORT(.dtors.*))
 *(.fini_array)
 *(EXCLUDE_FILE(*crtend?.o *crtend.o *crtbegin?.o *crtbegin.o) .dtors)
                0x0000000000017000                PROVIDE (__fini_array_end, .)

.ctors
 *crtbegin.o(.ctors)
 *crtbegin?.o(.ctors)
 *(EXCLUDE_FILE(*crtend?.o *crtend.o) .ctors)
 *(SORT(.ctors.*))
 *(.ctors)

.dtors
 *crtbegin.o(.dtors)
 *crtbegin?.o(.dtors)
 *(EXCLUDE_FILE(*crtend?.o *crtend.o) .dtors)
 *(SORT(.dtors.*))
 *(.dtors)

.jcr
 *(.jcr)

.data.rel.ro
 *(.data.rel.ro.local* .gnu.linkonce.d.rel.ro.local.*)
 *(.data.rel.ro* .gnu.linkonce.d.rel.ro.*)

.dynamic
 *(.dynamic)

.got
 *(.got)
 *(.igot)
                0x0000000000017000                . = DATA_SEGMENT_RELRO_END (., 0xc)

.got.plt        0x0000000000017000        0x0
 *(.got.plt)
 *(.igot.plt)
 .igot.plt      0x0000000000000000        0x0 boot/head.o

.data           0x0000000000017000     0x3a24
 *(.data .data.* .gnu.linkonce.d.*)
 .data          0x0000000000017000        0x0 boot/head.o
 .data          0x0000000000017000       0x20 init/main.o
 .data          0x0000000000017020     0x1290 kernel/kernel.o
                0x0000000000017020                current_DOR
                0x0000000000017024                stack_start
                0x0000000000017040                task
                0x0000000000017140                current
                0x0000000000017160                sys_call_table
 .data          0x00000000000182b0        0x0 mm/mm.o
 .data          0x00000000000182b0        0x8 fs/fs.o
                0x00000000000182b4                start_buffer
 .data          0x00000000000182b8        0x0 kernel/blk_drv/blk_drv.a(ll_rw_blk.o)
 *fill*         0x00000000000182b8        0x8 00
 .data          0x00000000000182c0       0xec kernel/blk_drv/blk_drv.a(floppy.o)
 .data          0x00000000000183ac        0xc kernel/blk_drv/blk_drv.a(hd.o)
 .data          0x00000000000183b8        0x0 kernel/blk_drv/blk_drv.a(ramdisk.o)
 *fill*         0x00000000000183b8        0x8 00
 .data          0x00000000000183c0     0x2540 kernel/chr_drv/chr_drv.a(tty_io.o)
                0x00000000000183c0                table_list
                0x00000000000183e0                tty_table
 .data          0x000000000001a900        0x1 kernel/chr_drv/chr_drv.a(console.o)
 *fill*         0x000000000001a901        0x3 00
 .data          0x000000000001a904        0x0 kernel/chr_drv/chr_drv.a(keyboard.o)
 .data          0x000000000001a904        0x0 kernel/chr_drv/chr_drv.a(serial.o)
 .data          0x000000000001a904        0x0 kernel/chr_drv/chr_drv.a(rs_io.o)
 .data          0x000000000001a904        0x0 kernel/chr_drv/chr_drv.a(tty_ioctl.o)
 .data          0x000000000001a904        0x0 kernel/math/math.a(math_emulate.o)
 *fill*         0x000000000001a904       0x1c 00
 .data          0x000000000001a920      0x101 lib/lib.a(ctype.o)
                0x000000000001a920                _ctype
 *fill*         0x000000000001aa21        0x3 00
 .data          0x000000000001aa24        0x0 lib/lib.a(_exit.o)
 .data          0x000000000001aa24        0x0 lib/lib.a(open.o)
 .data          0x000000000001aa24        0x0 lib/lib.a(close.o)
 .data          0x000000000001aa24        0x0 lib/lib.a(errno.o)
 .data          0x000000000001aa24        0x0 lib/lib.a(write.o)
 .data          0x000000000001aa24        0x0 lib/lib.a(dup.o)
 .data          0x000000000001aa24        0x0 lib/lib.a(setsid.o)
 .data          0x000000000001aa24        0x0 lib/lib.a(execve.o)
 .data          0x000000000001aa24        0x0 lib/lib.a(wait.o)

.data1
 *(.data1)
                0x000000000001aa24                _edata = .
                0x000000000001aa24                PROVIDE (edata, .)
                0x000000000001aa24                __bss_start = .

.bss            0x000000000001aa40     0x448c
 *(.dynbss)
 *(.bss .bss.* .gnu.linkonce.b.*)
 .bss           0x000000000001aa40        0x0 boot/head.o
 .bss           0x000000000001aa40      0x420 init/main.o
 .bss           0x000000000001ae60      0x760 kernel/kernel.o
                0x000000000001ae60                last_task_used_math
                0x000000000001ae64                startup_time
                0x000000000001ae68                jiffies
                0x000000000001b1a4                last_pid
 .bss           0x000000000001b5c0      0xf04 mm/mm.o
 *fill*         0x000000000001c4c4       0x1c 00
 .bss           0x000000000001c4e0      0x710 fs/fs.o
                0x000000000001c4e0                inode_table
                0x000000000001cbe0                nr_buffers
                0x000000000001cbec                ROOT_DEV
 *fill*         0x000000000001cbf0       0x10 00
 .bss           0x000000000001cc00       0x3c kernel/blk_drv/blk_drv.a(ll_rw_blk.o)
                0x000000000001cc00                blk_dev
                0x000000000001cc38                wait_for_request
 .bss           0x000000000001cc3c       0x29 kernel/blk_drv/blk_drv.a(floppy.o)
                0x000000000001cc3c                wait_on_floppy_select
                0x000000000001cc40                selected
                0x000000000001cc44                do_floppy
 *fill*         0x000000000001cc65       0x1b 00
 .bss           0x000000000001cc80       0x90 kernel/blk_drv/blk_drv.a(hd.o)
                0x000000000001cc80                hd_info
                0x000000000001ccb0                do_hd
 .bss           0x000000000001cd10        0x4 kernel/blk_drv/blk_drv.a(ramdisk.o)
                0x000000000001cd10                rd_length
 .bss           0x000000000001cd14        0x4 kernel/chr_drv/chr_drv.a(tty_io.o)
 *fill*         0x000000000001cd18        0x8 00
 .bss           0x000000000001cd20       0xb1 kernel/chr_drv/chr_drv.a(console.o)
                0x000000000001cd20                beepcount
 *fill*         0x000000000001cdd1        0x3 00
 .bss           0x000000000001cdd4        0x0 kernel/chr_drv/chr_drv.a(keyboard.o)
 .bss           0x000000000001cdd4        0x0 kernel/chr_drv/chr_drv.a(serial.o)
 .bss           0x000000000001cdd4        0x0 kernel/chr_drv/chr_drv.a(rs_io.o)
 .bss           0x000000000001cdd4        0x0 kernel/chr_drv/chr_drv.a(tty_ioctl.o)
 .bss           0x000000000001cdd4        0x0 kernel/math/math.a(math_emulate.o)
 .bss           0x000000000001cdd4        0x0 lib/lib.a(ctype.o)
 .bss           0x000000000001cdd4        0x0 lib/lib.a(_exit.o)
 .bss           0x000000000001cdd4        0x0 lib/lib.a(open.o)
 .bss           0x000000000001cdd4        0x0 lib/lib.a(close.o)
 .bss           0x000000000001cdd4        0x0 lib/lib.a(errno.o)
 .bss           0x000000000001cdd4        0x0 lib/lib.a(write.o)
 .bss           0x000000000001cdd4        0x0 lib/lib.a(dup.o)
 .bss           0x000000000001cdd4        0x0 lib/lib.a(setsid.o)
 .bss           0x000000000001cdd4        0x0 lib/lib.a(execve.o)
 .bss           0x000000000001cdd4        0x0 lib/lib.a(wait.o)
 *(COMMON)
 *fill*         0x000000000001cdd4        0xc 00
 COMMON         0x000000000001cde0       0x20 init/main.o
                0x000000000001cde0                drive_info
 COMMON         0x000000000001ce00     0x1000 kernel/kernel.o
                0x000000000001ce00                user_stack
 COMMON         0x000000000001de00      0xc40 fs/fs.o
                0x000000000001de00                hash_table
                0x000000000001e2e0                super_block
                0x000000000001e640                file_table
 COMMON         0x000000000001ea40      0x480 kernel/blk_drv/blk_drv.a(ll_rw_blk.o)
                0x000000000001ea40                request
 COMMON         0x000000000001eec0        0x4 kernel/blk_drv/blk_drv.a(ramdisk.o)
                0x000000000001eec0                rd_start
 COMMON         0x000000000001eec4        0x1 lib/lib.a(ctype.o)
                0x000000000001eec4                _ctmp
 *fill*         0x000000000001eec5        0x3 00
 COMMON         0x000000000001eec8        0x4 lib/lib.a(errno.o)
                0x000000000001eec8                errno
                0x000000000001eecc                . = ALIGN ((. != 0x0)?0x4:0x1)
                0x000000000001eecc                . = ALIGN (0x4)
                0x000000000001eecc                . = ALIGN (0x4)
                0x000000000001eecc                _end = .
                0x000000000001eecc                PROVIDE (end, .)
                0x000000000001eecc                . = DATA_SEGMENT_END (.)

.stab
 *(.stab)

.stabstr
 *(.stabstr)

.stab.excl
 *(.stab.excl)

.stab.exclstr
 *(.stab.exclstr)

.stab.index
 *(.stab.index)

.stab.indexstr
 *(.stab.indexstr)

.comment        0x0000000000000000       0x30
 *(.comment)
 .comment       0x0000000000000000       0x30 init/main.o
                                         0x31 (size before relaxing)
 .comment       0x0000000000000000      0x21b kernel/kernel.o
 .comment       0x0000000000000000       0x31 mm/mm.o
 .comment       0x0000000000000000      0x341 fs/fs.o
 .comment       0x0000000000000000       0x31 kernel/blk_drv/blk_drv.a(ll_rw_blk.o)
 .comment       0x0000000000000000       0x31 kernel/blk_drv/blk_drv.a(floppy.o)
 .comment       0x0000000000000000       0x31 kernel/blk_drv/blk_drv.a(hd.o)
 .comment       0x0000000000000000       0x31 kernel/blk_drv/blk_drv.a(ramdisk.o)
 .comment       0x0000000000000000       0x31 kernel/chr_drv/chr_drv.a(tty_io.o)
 .comment       0x0000000000000000       0x31 kernel/chr_drv/chr_drv.a(console.o)
 .comment       0x0000000000000000       0x31 kernel/chr_drv/chr_drv.a(serial.o)
 .comment       0x0000000000000000       0x31 kernel/chr_drv/chr_drv.a(tty_ioctl.o)
 .comment       0x0000000000000000       0x31 kernel/math/math.a(math_emulate.o)
 .comment       0x0000000000000000       0x31 lib/lib.a(ctype.o)
 .comment       0x0000000000000000       0x31 lib/lib.a(_exit.o)
 .comment       0x0000000000000000       0x31 lib/lib.a(open.o)
 .comment       0x0000000000000000       0x31 lib/lib.a(close.o)
 .comment       0x0000000000000000       0x31 lib/lib.a(errno.o)
 .comment       0x0000000000000000       0x31 lib/lib.a(write.o)
 .comment       0x0000000000000000       0x31 lib/lib.a(dup.o)
 .comment       0x0000000000000000       0x31 lib/lib.a(setsid.o)
 .comment       0x0000000000000000       0x31 lib/lib.a(execve.o)
 .comment       0x0000000000000000       0x31 lib/lib.a(wait.o)

.debug
 *(.debug)

.line
 *(.line)

.debug_srcinfo
 *(.debug_srcinfo)

.debug_sfnames
 *(.debug_sfnames)

.debug_aranges  0x0000000000000000      0x608
 *(.debug_aranges)
 .debug_aranges
                0x0000000000000000       0x20 init/main.o
 .debug_aranges
                0x0000000000000020      0x160 kernel/kernel.o
 .debug_aranges
                0x0000000000000180       0x20 mm/mm.o
 .debug_aranges
                0x00000000000001a0      0x218 fs/fs.o
 .debug_aranges
                0x00000000000003b8       0x20 kernel/blk_drv/blk_drv.a(ll_rw_blk.o)
 .debug_aranges
                0x00000000000003d8       0x20 kernel/blk_drv/blk_drv.a(floppy.o)
 .debug_aranges
                0x00000000000003f8       0x20 kernel/blk_drv/blk_drv.a(hd.o)
 .debug_aranges
                0x0000000000000418       0x20 kernel/blk_drv/blk_drv.a(ramdisk.o)
 .debug_aranges
                0x0000000000000438       0x20 kernel/chr_drv/chr_drv.a(tty_io.o)
 .debug_aranges
                0x0000000000000458       0x20 kernel/chr_drv/chr_drv.a(console.o)
 .debug_aranges
                0x0000000000000478       0x20 kernel/chr_drv/chr_drv.a(serial.o)
 .debug_aranges
                0x0000000000000498       0x20 kernel/chr_drv/chr_drv.a(tty_ioctl.o)
 .debug_aranges
                0x00000000000004b8       0x20 kernel/math/math.a(math_emulate.o)
 .debug_aranges
                0x00000000000004d8       0x18 lib/lib.a(ctype.o)
 .debug_aranges
                0x00000000000004f0       0x20 lib/lib.a(_exit.o)
 .debug_aranges
                0x0000000000000510       0x20 lib/lib.a(open.o)
 .debug_aranges
                0x0000000000000530       0x20 lib/lib.a(close.o)
 .debug_aranges
                0x0000000000000550       0x18 lib/lib.a(errno.o)
 .debug_aranges
                0x0000000000000568       0x20 lib/lib.a(write.o)
 .debug_aranges
                0x0000000000000588       0x20 lib/lib.a(dup.o)
 .debug_aranges
                0x00000000000005a8       0x20 lib/lib.a(setsid.o)
 .debug_aranges
                0x00000000000005c8       0x20 lib/lib.a(execve.o)
 .debug_aranges
                0x00000000000005e8       0x20 lib/lib.a(wait.o)

.debug_pubnames
 *(.debug_pubnames)

.debug_info     0x0000000000000000    0x1fa7c
 *(.debug_info .gnu.linkonce.wi.*)
 .debug_info    0x0000000000000000      0xa42 init/main.o
 .debug_info    0x0000000000000a42     0x6ad6 kernel/kernel.o
 .debug_info    0x0000000000007518     0x1093 mm/mm.o
 .debug_info    0x00000000000085ab     0xe759 fs/fs.o
 .debug_info    0x0000000000016d04      0xbcf kernel/blk_drv/blk_drv.a(ll_rw_blk.o)
 .debug_info    0x00000000000178d3     0x160c kernel/blk_drv/blk_drv.a(floppy.o)
 .debug_info    0x0000000000018edf     0x14ac kernel/blk_drv/blk_drv.a(hd.o)
 .debug_info    0x000000000001a38b      0xdaf kernel/blk_drv/blk_drv.a(ramdisk.o)
 .debug_info    0x000000000001b13a      0xddb kernel/chr_drv/chr_drv.a(tty_io.o)
 .debug_info    0x000000000001bf15     0x12c6 kernel/chr_drv/chr_drv.a(console.o)
 .debug_info    0x000000000001d1db      0x979 kernel/chr_drv/chr_drv.a(serial.o)
 .debug_info    0x000000000001db54      0xf2c kernel/chr_drv/chr_drv.a(tty_ioctl.o)
 .debug_info    0x000000000001ea80      0x970 kernel/math/math.a(math_emulate.o)
 .debug_info    0x000000000001f3f0       0x68 lib/lib.a(ctype.o)
 .debug_info    0x000000000001f458       0x7c lib/lib.a(_exit.o)
 .debug_info    0x000000000001f4d4       0xda lib/lib.a(open.o)
 .debug_info    0x000000000001f5ae       0x9f lib/lib.a(close.o)
 .debug_info    0x000000000001f64d       0x37 lib/lib.a(errno.o)
 .debug_info    0x000000000001f684       0xd1 lib/lib.a(write.o)
 .debug_info    0x000000000001f755       0x9f lib/lib.a(dup.o)
 .debug_info    0x000000000001f7f4       0x9c lib/lib.a(setsid.o)
 .debug_info    0x000000000001f890       0xd3 lib/lib.a(execve.o)
 .debug_info    0x000000000001f963      0x119 lib/lib.a(wait.o)

.debug_abbrev   0x0000000000000000     0x5b98
 *(.debug_abbrev)
 .debug_abbrev  0x0000000000000000      0x294 init/main.o
 .debug_abbrev  0x0000000000000294     0x14d7 kernel/kernel.o
 .debug_abbrev  0x000000000000176b      0x2da mm/mm.o
 .debug_abbrev  0x0000000000001a45     0x2596 fs/fs.o
 .debug_abbrev  0x0000000000003fdb      0x205 kernel/blk_drv/blk_drv.a(ll_rw_blk.o)
 .debug_abbrev  0x00000000000041e0      0x391 kernel/blk_drv/blk_drv.a(floppy.o)
 .debug_abbrev  0x0000000000004571      0x364 kernel/blk_drv/blk_drv.a(hd.o)
 .debug_abbrev  0x00000000000048d5      0x250 kernel/blk_drv/blk_drv.a(ramdisk.o)
 .debug_abbrev  0x0000000000004b25      0x317 kernel/chr_drv/chr_drv.a(tty_io.o)
 .debug_abbrev  0x0000000000004e3c      0x327 kernel/chr_drv/chr_drv.a(console.o)
 .debug_abbrev  0x0000000000005163      0x160 kernel/chr_drv/chr_drv.a(serial.o)
 .debug_abbrev  0x00000000000052c3      0x26d kernel/chr_drv/chr_drv.a(tty_ioctl.o)
 .debug_abbrev  0x0000000000005530      0x1d3 kernel/math/math.a(math_emulate.o)
 .debug_abbrev  0x0000000000005703       0x3e lib/lib.a(ctype.o)
 .debug_abbrev  0x0000000000005741       0x51 lib/lib.a(_exit.o)
 .debug_abbrev  0x0000000000005792       0xa6 lib/lib.a(open.o)
 .debug_abbrev  0x0000000000005838       0x75 lib/lib.a(close.o)
 .debug_abbrev  0x00000000000058ad       0x2c lib/lib.a(errno.o)
 .debug_abbrev  0x00000000000058d9       0xa1 lib/lib.a(write.o)
 .debug_abbrev  0x000000000000597a       0x75 lib/lib.a(dup.o)
 .debug_abbrev  0x00000000000059ef       0x73 lib/lib.a(setsid.o)
 .debug_abbrev  0x0000000000005a62       0x85 lib/lib.a(execve.o)
 .debug_abbrev  0x0000000000005ae7       0xb1 lib/lib.a(wait.o)

.debug_line     0x0000000000000000     0x4319
 *(.debug_line)
 .debug_line    0x0000000000000000      0x166 init/main.o
 .debug_line    0x0000000000000166      0xdd1 kernel/kernel.o
 .debug_line    0x0000000000000f37      0x213 mm/mm.o
 .debug_line    0x000000000000114a     0x1c2e fs/fs.o
 .debug_line    0x0000000000002d78      0x12a kernel/blk_drv/blk_drv.a(ll_rw_blk.o)
 .debug_line    0x0000000000002ea2      0x2e1 kernel/blk_drv/blk_drv.a(floppy.o)
 .debug_line    0x0000000000003183      0x29c kernel/blk_drv/blk_drv.a(hd.o)
 .debug_line    0x000000000000341f      0x187 kernel/blk_drv/blk_drv.a(ramdisk.o)
 .debug_line    0x00000000000035a6      0x2e3 kernel/chr_drv/chr_drv.a(tty_io.o)
 .debug_line    0x0000000000003889      0x3d0 kernel/chr_drv/chr_drv.a(console.o)
 .debug_line    0x0000000000003c59       0xcf kernel/chr_drv/chr_drv.a(serial.o)
 .debug_line    0x0000000000003d28      0x1c7 kernel/chr_drv/chr_drv.a(tty_ioctl.o)
 .debug_line    0x0000000000003eef       0xe7 kernel/math/math.a(math_emulate.o)
 .debug_line    0x0000000000003fd6       0x28 lib/lib.a(ctype.o)
 .debug_line    0x0000000000003ffe       0x39 lib/lib.a(_exit.o)
 .debug_line    0x0000000000004037       0x5f lib/lib.a(open.o)
 .debug_line    0x0000000000004096       0x57 lib/lib.a(close.o)
 .debug_line    0x00000000000040ed       0x28 lib/lib.a(errno.o)
 .debug_line    0x0000000000004115       0x71 lib/lib.a(write.o)
 .debug_line    0x0000000000004186       0x55 lib/lib.a(dup.o)
 .debug_line    0x00000000000041db       0x71 lib/lib.a(setsid.o)
 .debug_line    0x000000000000424c       0x58 lib/lib.a(execve.o)
 .debug_line    0x00000000000042a4       0x75 lib/lib.a(wait.o)

.debug_frame
 *(.debug_frame)

.debug_str      0x0000000000000000     0x1f5d
 *(.debug_str)
 .debug_str     0x0000000000000000      0x246 init/main.o
                                        0x2b7 (size before relaxing)
 .debug_str     0x0000000000000246      0xa1a kernel/kernel.o
                                       0x24f8 (size before relaxing)
 .debug_str     0x0000000000000c60      0x16c mm/mm.o
                                        0x4d5 (size before relaxing)
 .debug_str     0x0000000000000dcc      0x903 fs/fs.o
                                       0x493b (size before relaxing)
 .debug_str     0x00000000000016cf       0xf9 kernel/blk_drv/blk_drv.a(ll_rw_blk.o)
                                        0x47f (size before relaxing)
 .debug_str     0x00000000000017c8      0x1b5 kernel/blk_drv/blk_drv.a(floppy.o)
                                        0x6a1 (size before relaxing)
 .debug_str     0x000000000000197d      0x15e kernel/blk_drv/blk_drv.a(hd.o)
                                        0x5ed (size before relaxing)
 .debug_str     0x0000000000001adb       0x33 kernel/blk_drv/blk_drv.a(ramdisk.o)
                                        0x56f (size before relaxing)
 .debug_str     0x0000000000001b0e       0xf3 kernel/chr_drv/chr_drv.a(tty_io.o)
                                        0x4ec (size before relaxing)
 .debug_str     0x0000000000001c01      0x1b0 kernel/chr_drv/chr_drv.a(console.o)
                                        0x596 (size before relaxing)
 .debug_str     0x0000000000001db1       0x12 kernel/chr_drv/chr_drv.a(serial.o)
                                        0x3cc (size before relaxing)
 .debug_str     0x0000000000001dc3       0x70 kernel/chr_drv/chr_drv.a(tty_ioctl.o)
                                        0x46e (size before relaxing)
 .debug_str     0x0000000000001e33       0x92 kernel/math/math.a(math_emulate.o)
                                        0x382 (size before relaxing)
 .debug_str     0x0000000000001ec5       0x57 lib/lib.a(ctype.o)
                                         0x8c (size before relaxing)
 .debug_str     0x0000000000001f1c        0x8 lib/lib.a(_exit.o)
                                         0xb8 (size before relaxing)
 .debug_str     0x0000000000000000       0xc8 lib/lib.a(open.o)
 .debug_str     0x0000000000001f24        0x8 lib/lib.a(close.o)
                                         0xba (size before relaxing)
 .debug_str     0x0000000000001f2c        0x8 lib/lib.a(errno.o)
                                         0x69 (size before relaxing)
 .debug_str     0x0000000000000000        0x8 lib/lib.a(write.o)
                                         0xc6 (size before relaxing)
 .debug_str     0x0000000000001f34        0x6 lib/lib.a(dup.o)
                                         0xb2 (size before relaxing)
 .debug_str     0x0000000000001f3a        0x9 lib/lib.a(setsid.o)
                                         0xc2 (size before relaxing)
 .debug_str     0x0000000000001f43        0x9 lib/lib.a(execve.o)
                                         0xcb (size before relaxing)
 .debug_str     0x0000000000001f4c       0x11 lib/lib.a(wait.o)
                                         0xd8 (size before relaxing)

.debug_loc      0x0000000000000000     0xd840
 *(.debug_loc)
 .debug_loc     0x0000000000000000      0x2dd init/main.o
 .debug_loc     0x00000000000002dd     0x29ea kernel/kernel.o
 .debug_loc     0x0000000000002cc7      0xb0e mm/mm.o
 .debug_loc     0x00000000000037d5     0x6ee1 fs/fs.o
 .debug_loc     0x000000000000a6b6      0x2d4 kernel/blk_drv/blk_drv.a(ll_rw_blk.o)
 .debug_loc     0x000000000000a98a      0x67a kernel/blk_drv/blk_drv.a(floppy.o)
 .debug_loc     0x000000000000b004      0xa07 kernel/blk_drv/blk_drv.a(hd.o)
 .debug_loc     0x000000000000ba0b      0x277 kernel/blk_drv/blk_drv.a(ramdisk.o)
 .debug_loc     0x000000000000bc82      0x92b kernel/chr_drv/chr_drv.a(tty_io.o)
 .debug_loc     0x000000000000c5ad      0xa4d kernel/chr_drv/chr_drv.a(console.o)
 .debug_loc     0x000000000000cffa       0x88 kernel/chr_drv/chr_drv.a(serial.o)
 .debug_loc     0x000000000000d082      0x475 kernel/chr_drv/chr_drv.a(tty_ioctl.o)
 .debug_loc     0x000000000000d4f7      0x104 kernel/math/math.a(math_emulate.o)
 .debug_loc     0x000000000000d5fb       0x2c lib/lib.a(_exit.o)
 .debug_loc     0x000000000000d627       0x57 lib/lib.a(open.o)
 .debug_loc     0x000000000000d67e       0x3f lib/lib.a(close.o)
 .debug_loc     0x000000000000d6bd       0x57 lib/lib.a(write.o)
 .debug_loc     0x000000000000d714       0x3f lib/lib.a(dup.o)
 .debug_loc     0x000000000000d753       0x13 lib/lib.a(setsid.o)
 .debug_loc     0x000000000000d766       0x57 lib/lib.a(execve.o)
 .debug_loc     0x000000000000d7bd       0x83 lib/lib.a(wait.o)

.debug_macinfo
 *(.debug_macinfo)

.debug_weaknames
 *(.debug_weaknames)

.debug_funcnames
 *(.debug_funcnames)

.debug_typenames
 *(.debug_typenames)

.debug_varnames
 *(.debug_varnames)

.debug_pubtypes
 *(.debug_pubtypes)

.debug_ranges   0x0000000000000000      0x540
 *(.debug_ranges)
 .debug_ranges  0x0000000000000000       0x30 init/main.o
 .debug_ranges  0x0000000000000030       0x88 kernel/kernel.o
 .debug_ranges  0x00000000000000b8       0x30 mm/mm.o
 .debug_ranges  0x00000000000000e8      0x210 fs/fs.o
 .debug_ranges  0x00000000000002f8       0x48 kernel/blk_drv/blk_drv.a(floppy.o)
 .debug_ranges  0x0000000000000340       0x80 kernel/blk_drv/blk_drv.a(hd.o)
 .debug_ranges  0x00000000000003c0      0x120 kernel/chr_drv/chr_drv.a(console.o)
 .debug_ranges  0x00000000000004e0       0x60 kernel/chr_drv/chr_drv.a(tty_ioctl.o)

.gnu.attributes
 *(.gnu.attributes)

/DISCARD/
 *(.note.GNU-stack)
 *(.gnu_debuglink)
 *(.gnu.lto_*)
OUTPUT(tools/system elf32-i386)
